[www.ewebservices.co.uk/index.html]
[backblue.gif]
[fade.gif]
[index.html]
[cdn.bootcss.com/animate.css/3.5.1/animate.min.css]
[www.ewebservices.co.uk/index-2.html]
[www.ewebservices.co.uk/images/logo.png]
[www.ewebservices.co.uk/about-us.html]
[www.ewebservices.co.uk/website-design.html]
[www.ewebservices.co.uk/web-development.html]
[www.ewebservices.co.uk/wordpress-development.html]
[www.ewebservices.co.uk/ecommerce-solutions.html]
[www.ewebservices.co.uk/mobile-apps-development.html]
[www.ewebservices.co.uk/digital-marketing.html]
[www.ewebservices.co.uk/web-hosting.html]
[www.ewebservices.co.uk/portfolio.html]
[www.ewebservices.co.uk/contactus.html]
[www.ewebservices.co.uk/images/projct-1.jpg]
[www.ewebservices.co.uk/images/projct-2.jpg]
[www.ewebservices.co.uk/images/projct-3.jpg]
[www.ewebservices.co.uk/images/Serge.jpg]
[www.ewebservices.co.uk/images/Aaron.jpg]
[www.ewebservices.co.uk/images/Bryan.jpg]
[www.ewebservices.co.uk/images/Ben.png]
[www.ewebservices.co.uk/privacy-policy.html]
[www.ewebservices.co.uk/js/jquery-3.2.1.min.js]
[www.ewebservices.co.uk/js/bootstrap.min.js]
[www.ewebservices.co.uk/index.html]
[fonts.googleapis.com/csscd33.css]
[fonts.googleapis.com/cssde82.css]
[www.ewebservices.co.uk/index-2.html]
[www.ewebservices.co.uk/images/aboutt-us.jpg]
[www.ewebservices.co.uk/about-us.html]
[www.ewebservices.co.uk/images/web-design.jpg]
[www.ewebservices.co.uk/website-design.html]
[www.ewebservices.co.uk/web-development.html]
[www.ewebservices.co.uk/images/web-develop.jpg]
[www.ewebservices.co.uk/wordpress-development.html]
[www.ewebservices.co.uk/images/wordpress.jpg]
[www.ewebservices.co.uk/ecommerce-solutions.html]
[www.ewebservices.co.uk/images/ecommerce.jpg]
[www.ewebservices.co.uk/images/mobile-apps.jpg]
[www.ewebservices.co.uk/contactus-2.html]
[www.ewebservices.co.uk/mobile-apps-development.html]
[www.ewebservices.co.uk/images/internet-marketing.jpg]
[www.ewebservices.co.uk/digital-marketing.html]
[www.ewebservices.co.uk/images/web-hosting.jpg]
[www.ewebservices.co.uk/images/log-1.png]
[www.ewebservices.co.uk/images/log-2.png]
[www.ewebservices.co.uk/web-hosting.html]
[www.ewebservices.co.uk/images/portfolio.jpg]
[www.ewebservices.co.uk/images/p-11.jpg]
[www.ewebservices.co.uk/images/p-5.jpg]
[www.ewebservices.co.uk/images/p-1.jpg]
[www.ewebservices.co.uk/images/p-6.jpg]
[www.ewebservices.co.uk/images/spa.jpg]
[www.ewebservices.co.uk/images/tattoo.jpg]
[www.ewebservices.co.uk/images/solar.jpg]
[www.ewebservices.co.uk/images/law.jpg]
[www.ewebservices.co.uk/images/gloves.jpg]
[www.ewebservices.co.uk/images/dental.jpg]
[www.ewebservices.co.uk/images/srg.jpg]
[www.ewebservices.co.uk/images/p-4.jpg]
[www.ewebservices.co.uk/images/p-10.jpg]
[www.ewebservices.co.uk/images/p-9.jpg]
[www.ewebservices.co.uk/images/p-12.jpg]
[www.ewebservices.co.uk/images/trading.jpg]
[www.ewebservices.co.uk/images/p-15.jpg]
[www.ewebservices.co.uk/images/andorid-1.jpg]
[www.ewebservices.co.uk/images/m-11.png]
[www.ewebservices.co.uk/www.google.com]
[www.ewebservices.co.uk/images/seo1.png]
[www.ewebservices.co.uk/images/seo2.png]
[www.ewebservices.co.uk/images/p.jpg]
[www.ewebservices.co.uk/images/c-2.png]
[www.ewebservices.co.uk/images/c-6.png]
[www.ewebservices.co.uk/images/c-7.png]
[www.ewebservices.co.uk/images/c-5.png]
[www.ewebservices.co.uk/images/c-4.png]
[www.ewebservices.co.uk/images/eweb-visiting-card.jpg]
[www.ewebservices.co.uk/images/b-1.png]
[www.ewebservices.co.uk/images/eweb-letter-head.jpg]
[www.ewebservices.co.uk/images/ban-1.png]
[www.ewebservices.co.uk/images/ban-2.png]
[www.ewebservices.co.uk/images/ban-3.png]
[www.ewebservices.co.uk/images/ban-4.png]
[www.ewebservices.co.uk/images/eweb-broucher-1.jpg]
[www.ewebservices.co.uk/images/eweb-broucher-2.jpg]
[www.ewebservices.co.uk/portfolio.html]
[www.ewebservices.co.uk/contactus.html]
[www.ewebservices.co.uk/images/contact-us.jpg]
[www.ewebservices.co.uk/images/privacy-policy.jpg]
[www.ewebservices.co.uk/privacy-policy.html]
[www.ewebservices.co.uk/contactus-2.html]
[www.ewebservices.co.uk/www.google.html]
[www.ewebservices.co.uk/fonts/fontawesome-webfont3e6e.eot]
[www.ewebservices.co.uk/fonts/fontawesome-webfontd41d.eot]
[www.ewebservices.co.uk/fonts/fontawesome-webfont3e6e.woff2]
[www.ewebservices.co.uk/fonts/fontawesome-webfont3e6e.woff]
[www.ewebservices.co.uk/fonts/fontawesome-webfont3e6e.ttf]
[www.ewebservices.co.uk/css/font-awesome.min.css]
[cdn.bootcss.com/animate.css/3.5.1/animate.min.css]
[www.ewebservices.co.uk/fonts/glyphicons-halflings-regular.eot]
[www.ewebservices.co.uk/fonts/glyphicons-halflings-regulard41d.eot]
[www.ewebservices.co.uk/fonts/glyphicons-halflings-regular.woff2]
[www.ewebservices.co.uk/fonts/glyphicons-halflings-regular.woff]
[www.ewebservices.co.uk/fonts/glyphicons-halflings-regular.ttf]
[www.ewebservices.co.uk/css/bootstrap.min.css]
[www.ewebservices.co.uk/css/plan.css]
[www.ewebservices.co.uk/images/slider1.jpg]
[www.ewebservices.co.uk/images/slider2.jpg]
[www.ewebservices.co.uk/images/slider3.jpg]
[www.ewebservices.co.uk/images/slider4.jpg]
[www.ewebservices.co.uk/images/slider5.jpg]
[www.ewebservices.co.uk/images/webdevelot-bg.jpg]
[www.ewebservices.co.uk/css/style.css]
[www.ewebservices.co.uk/about-us.html]
[www.ewebservices.co.uk/contactus-2.html]
[www.ewebservices.co.uk/www.google.html]
[www.ewebservices.co.uk/images/seo1.html]
[www.ewebservices.co.uk/images/seo2.html]
[www.ewebservices.co.uk/images/p.html]
[www.ewebservices.co.uk/fonts/fontawesome-webfont3e6e.svg]
[www.ewebservices.co.uk/fonts/glyphicons-halflings-regular.svg]
